// Jest Snapshot v1, https://goo.gl/fbAQLP

exports[`Test ThreeButtonTemplate render ThreeButtonTemplate 1`] = `
<View
  style={
    Object {
      "backgroundColor": "#FFFFFF",
      "borderRadius": 10,
      "elevation": 6,
      "flexDirection": "column",
      "marginBottom": 14,
      "marginHorizontal": 16,
      "marginTop": 14,
      "padding": 16,
      "shadowColor": "#303133",
      "shadowOffset": Object {
        "height": 2,
        "width": 0,
      },
      "shadowOpacity": 0.1,
      "shadowRadius": 3,
    }
  }
>
  <Text
    style={
      Array [
        Object {
          "color": "#000",
          "fontFamily": "SFProDisplay-Regular",
          "fontSize": undefined,
          "lineHeight": undefined,
          "textAlign": "left",
          "textDecorationLine": "none",
        },
        Object {
          "alignItems": "flex-end",
          "color": "#595959",
          "display": "flex",
          "fontSize": 16,
          "lineHeight": 24,
        },
      ]
    }
  >
    Controller
  </Text>
  <View>
    <View
      style={
        Object {
          "flexDirection": "row",
          "justifyContent": "space-around",
          "paddingVertical": 16,
        }
      }
    >
      <View
        accessible={true}
        focusable={true}
        onClick={[Function]}
        onResponderGrant={[Function]}
        onResponderMove={[Function]}
        onResponderRelease={[Function]}
        onResponderTerminate={[Function]}
        onResponderTerminationRequest={[Function]}
        onStartShouldSetResponder={[Function]}
        style={
          Object {
            "alignItems": "center",
            "aspectRatio": 1,
            "backgroundColor": "#FAFAFA",
            "borderColor": "#F5F5F5",
            "borderRadius": 10,
            "borderWidth": 1,
            "flex": 1,
            "justifyContent": "center",
            "marginHorizontal": 4,
            "opacity": 1,
          }
        }
        testID="BUTTON_TEMPLATE_1"
      >
        <View
          style={
            Object {
              "height": 28,
              "marginBottom": 7,
            }
          }
        >
          <Text
            style={
              Array [
                Object {
                  "color": "#00979D",
                  "fontFamily": "antoutline",
                  "fontSize": 30,
                  "fontStyle": "normal",
                  "fontWeight": "normal",
                },
                undefined,
              ]
            }
          >
            
          </Text>
        </View>
        <Text
          style={
            Array [
              Object {
                "color": "#000",
                "fontFamily": "SFProDisplay-Regular",
                "fontSize": undefined,
                "lineHeight": undefined,
                "textAlign": "left",
                "textDecorationLine": "none",
              },
              Object {
                "fontSize": 14,
                "lineHeight": 22,
              },
            ]
          }
        >
          UP
        </Text>
      </View>
      <View
        accessible={true}
        focusable={true}
        onClick={[Function]}
        onResponderGrant={[Function]}
        onResponderMove={[Function]}
        onResponderRelease={[Function]}
        onResponderTerminate={[Function]}
        onResponderTerminationRequest={[Function]}
        onStartShouldSetResponder={[Function]}
        style={
          Object {
            "alignItems": "center",
            "aspectRatio": 1,
            "backgroundColor": "#FAFAFA",
            "borderColor": "#F5F5F5",
            "borderRadius": 10,
            "borderWidth": 1,
            "flex": 1,
            "justifyContent": "center",
            "marginHorizontal": 4,
            "opacity": 1,
          }
        }
        testID="BUTTON_TEMPLATE_2"
      >
        <View
          style={
            Object {
              "height": 28,
              "marginBottom": 7,
            }
          }
        >
          <View
            style={
              Object {
                "alignItems": "flex-end",
                "backgroundColor": "#00979D",
                "borderRadius": 1,
                "flexDirection": "row",
                "height": 16,
                "marginHorizontal": 8,
                "marginVertical": 8,
                "width": 15.41,
              }
            }
          />
        </View>
        <Text
          style={
            Array [
              Object {
                "color": "#000",
                "fontFamily": "SFProDisplay-Regular",
                "fontSize": undefined,
                "lineHeight": undefined,
                "textAlign": "left",
                "textDecorationLine": "none",
              },
              Object {
                "fontSize": 14,
                "lineHeight": 22,
              },
            ]
          }
        >
          STOP/UNLOCK
        </Text>
      </View>
      <View
        accessible={true}
        focusable={true}
        onClick={[Function]}
        onResponderGrant={[Function]}
        onResponderMove={[Function]}
        onResponderRelease={[Function]}
        onResponderTerminate={[Function]}
        onResponderTerminationRequest={[Function]}
        onStartShouldSetResponder={[Function]}
        style={
          Object {
            "alignItems": "center",
            "aspectRatio": 1,
            "backgroundColor": "#FAFAFA",
            "borderColor": "#F5F5F5",
            "borderRadius": 10,
            "borderWidth": 1,
            "flex": 1,
            "justifyContent": "center",
            "marginHorizontal": 4,
            "opacity": 1,
          }
        }
        testID="BUTTON_TEMPLATE_3"
      >
        <View
          style={
            Object {
              "height": 28,
              "marginBottom": 7,
            }
          }
        >
          <Text
            style={
              Array [
                Object {
                  "color": "#00979D",
                  "fontFamily": "antoutline",
                  "fontSize": 30,
                  "fontStyle": "normal",
                  "fontWeight": "normal",
                },
                undefined,
              ]
            }
          >
            
          </Text>
        </View>
        <Text
          style={
            Array [
              Object {
                "color": "#000",
                "fontFamily": "SFProDisplay-Regular",
                "fontSize": undefined,
                "lineHeight": undefined,
                "textAlign": "left",
                "textDecorationLine": "none",
              },
              Object {
                "fontSize": 14,
                "lineHeight": 22,
              },
            ]
          }
        >
          DOWN
        </Text>
      </View>
    </View>
    <View
      style={
        Object {
          "flexDirection": "row",
          "justifyContent": "space-between",
          "marginBottom": 7,
        }
      }
    />
  </View>
</View>
`;
